/workspace/venv/lib/python3.12/site-packages/huggingface_hub/constants.py:299: FutureWarning: The `HF_HUB_ENABLE_HF_TRANSFER` environment variable is deprecated as 'hf_transfer' is not used anymore. Please use `HF_XET_HIGH_PERFORMANCE` instead to enable high performance transfer with Xet. Visit https://huggingface.co/docs/huggingface_hub/package_reference/environment_variables#hfxethighperformance for more details.
  warnings.warn(
Fetching 19 files:   0%|          | 0/19 [00:00<?, ?it/s]Warning: You are sending unauthenticated requests to the HF Hub. Please set a HF_TOKEN to enable higher rate limits and faster downloads.
Fetching 19 files:  89%|████████▉ | 17/19 [16:55<01:59, 59.75s/it]
Traceback (most recent call last):
  File "/workspace/venv/lib/python3.12/site-packages/huggingface_hub/file_download.py", line 1996, in _download_to_tmp_and_move
    http_get(
  File "/workspace/venv/lib/python3.12/site-packages/huggingface_hub/utils/_validators.py", line 88, in _inner_fn
    return fn(*args, **kwargs)
           ^^^^^^^^^^^^^^^^^^^
  File "/workspace/venv/lib/python3.12/site-packages/huggingface_hub/file_download.py", line 455, in http_get
    temp_file.write(chunk)
OSError: [Errno 122] Disk quota exceeded

During handling of the above exception, another exception occurred:

Traceback (most recent call last):
  File "/workspace/scripts/dl27b.py", line 5, in <module>
    p = snapshot_download(
        ^^^^^^^^^^^^^^^^^^
  File "/workspace/venv/lib/python3.12/site-packages/huggingface_hub/utils/_validators.py", line 88, in _inner_fn
    return fn(*args, **kwargs)
           ^^^^^^^^^^^^^^^^^^^
  File "/workspace/venv/lib/python3.12/site-packages/huggingface_hub/_snapshot_download.py", line 529, in snapshot_download
    hf_thread_map(
  File "/workspace/venv/lib/python3.12/site-packages/huggingface_hub/utils/tqdm.py", line 441, in hf_thread_map
    results[future_to_index[future]] = future.result()
                                       ^^^^^^^^^^^^^^^
  File "/usr/lib/python3.12/concurrent/futures/_base.py", line 449, in result
    return self.__get_result()
           ^^^^^^^^^^^^^^^^^^^
  File "/usr/lib/python3.12/concurrent/futures/_base.py", line 401, in __get_result
    raise self._exception
  File "/usr/lib/python3.12/concurrent/futures/thread.py", line 58, in run
    result = self.fn(*self.args, **self.kwargs)
             ^^^^^^^^^^^^^^^^^^^^^^^^^^^^^^^^^^
  File "/workspace/venv/lib/python3.12/site-packages/huggingface_hub/_snapshot_download.py", line 509, in _inner_hf_hub_download
    hf_hub_download(  # type: ignore
  File "/workspace/venv/lib/python3.12/site-packages/huggingface_hub/utils/_validators.py", line 88, in _inner_fn
    return fn(*args, **kwargs)
           ^^^^^^^^^^^^^^^^^^^
  File "/workspace/venv/lib/python3.12/site-packages/huggingface_hub/file_download.py", line 1035, in hf_hub_download
    return _hf_hub_download_to_cache_dir(
           ^^^^^^^^^^^^^^^^^^^^^^^^^^^^^^
  File "/workspace/venv/lib/python3.12/site-packages/huggingface_hub/file_download.py", line 1257, in _hf_hub_download_to_cache_dir
    _download_to_tmp_and_move(
  File "/workspace/venv/lib/python3.12/site-packages/huggingface_hub/file_download.py", line 1970, in _download_to_tmp_and_move
    with tmp_path.open("wb") as f:
OSError: [Errno 122] Disk quota exceeded
